[debug] [2026-09-29T15:00:14.529Z] ----------------------------------------------------------------------
[debug] [2026-09-29T15:00:14.531Z] Command:       C:\Program Files\nodejs\node.exe C:\Users\trmos\AppData\Roaming\npm\node_modules\firebase-tools\lib\bin\firebase.js init hosting
[debug] [2026-09-29T15:00:14.531Z] CLI Version:   15.32.0
[debug] [2026-09-29T15:00:14.531Z] Platform:      win32
[debug] [2026-09-29T15:00:14.531Z] Node Version:  v22.20.0
[debug] [2026-09-29T15:00:14.531Z] Detected Agent: unknown
[debug] [2026-09-29T15:00:14.531Z] Time:          Tue Sep 29 2026 17:00:14 GMT+0200 (South Africa Standard Time)
[debug] [2026-09-29T15:00:14.532Z] ----------------------------------------------------------------------
[debug] 
[info] 
     ######## #### ########  ######## ########     ###     ######  ########
     ##        ##  ##     ## ##       ##     ##  ##   ##  ##       ##
     ######    ##  ########  ######   ########  #########  ######  ######
     ##        ##  ##    ##  ##       ##     ## ##     ##       ## ##
     ##       #### ##     ## ######## ########  ##     ##  ######  ########

You're about to initialize a Firebase project in this directory:

  C:\Users\trmos\OneDrive\Desktop\DV 200\CraftKey\gridlock

Before we get started, keep in mind:

  * You are initializing within an existing Firebase project directory

[info] 
=== Project Setup
[info] 
[info] First, let's associate this project directory with a Firebase project.
[info] You can create multiple project aliases by running firebase use --add, 
[info] 
[debug] [2026-09-29T15:00:54.378Z] > command requires scopes: ["email","openid","https://www.googleapis.com/auth/cloudplatformprojects.readonly","https://www.googleapis.com/auth/firebase","https://www.googleapis.com/auth/cloud-platform"]
[debug] [2026-09-29T15:00:54.379Z] > authorizing via signed-in user (251056@virtualwindow.co.za)
[debug] [2026-09-29T15:00:54.392Z] Checked if tokens are valid: true, expires at: 1790697144786
[debug] [2026-09-29T15:00:54.392Z] Checked if tokens are valid: true, expires at: 1790697144786
[debug] [2026-09-29T15:00:54.393Z] >>> [apiv2][query] GET https://firebase.googleapis.com/v1beta1/projects/craftkey-d7d7c [none]
[debug] [2026-09-29T15:00:55.026Z] <<< [apiv2][status] GET https://firebase.googleapis.com/v1beta1/projects/craftkey-d7d7c 200
[debug] [2026-09-29T15:00:55.027Z] <<< [apiv2][body] GET https://firebase.googleapis.com/v1beta1/projects/craftkey-d7d7c {"projectId":"craftkey-d7d7c","projectNumber":"943303758774","displayName":"CraftKey","name":"projects/craftkey-d7d7c","resources":{"hostingSite":"craftkey-d7d7c"},"state":"ACTIVE","labels":{"firebase":"enabled"},"etag":"1_7ce542a7-8901-48ff-b8b1-21e2931429a4"}
[info] i  Using project craftkey-d7d7c (CraftKey) . 
[info] 
=== Hosting Setup
[debug] [2026-09-29T15:01:06.022Z] Checked if tokens are valid: true, expires at: 1790697144786
[debug] [2026-09-29T15:01:06.022Z] Checked if tokens are valid: true, expires at: 1790697144786
[debug] [2026-09-29T15:01:06.022Z] >>> [apiv2][query] GET https://firebase.googleapis.com/v1beta1/projects/craftkey-d7d7c [none]
[debug] [2026-09-29T15:01:06.622Z] <<< [apiv2][status] GET https://firebase.googleapis.com/v1beta1/projects/craftkey-d7d7c 200
[debug] [2026-09-29T15:01:06.622Z] <<< [apiv2][body] GET https://firebase.googleapis.com/v1beta1/projects/craftkey-d7d7c {"projectId":"craftkey-d7d7c","projectNumber":"943303758774","displayName":"CraftKey","name":"projects/craftkey-d7d7c","resources":{"hostingSite":"craftkey-d7d7c"},"state":"ACTIVE","labels":{"firebase":"enabled"},"etag":"1_7ce542a7-8901-48ff-b8b1-21e2931429a4"}
[info] 
[info] Your public directory is the folder (relative to your project directory) that
[info] will contain Hosting assets to be uploaded with firebase deploy. If you
[info] have a build process for your assets, use your build's output directory.
[info] 
[info] 
[info] i  Detected a .git folder at C:\Users\trmos\OneDrive\Desktop\DV 200\CraftKey 
[info] i  Authorizing with GitHub to upload your service account to a GitHub repository's secrets store. 
[info] 
[info] Visit this URL on this device to log in:
[info] https://github.com/login/oauth/authorize?client_id=89cf50f02ac6aaed3484&state=906726394&redirect_uri=http%3A%2F%2Flocalhost%3A9005&scope=read%3Auser%20repo%20public_repo
[info] 
[info] Waiting for authentication...
[debug] [2026-09-29T15:02:17.785Z] >>> [apiv2][query] POST https://github.com/login/oauth/access_token [none]
[debug] [2026-09-29T15:02:17.786Z] >>> [apiv2][body] POST https://github.com/login/oauth/access_token [stream]
[debug] [2026-09-29T15:02:18.204Z] <<< [apiv2][status] POST https://github.com/login/oauth/access_token 200
[debug] [2026-09-29T15:02:18.204Z] <<< [apiv2][body] POST https://github.com/login/oauth/access_token {"access_token":"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","token_type":"bearer","scope":"read:user,repo"}
[debug] [2026-09-29T15:02:18.217Z] >>> [apiv2][query] GET https://api.github.com/user [none]
[debug] [2026-09-29T15:02:18.753Z] <<< [apiv2][status] GET https://api.github.com/user 200
[debug] [2026-09-29T15:02:18.753Z] <<< [apiv2][body] GET https://api.github.com/user {"login":"BVLTRA","id":200746020,"node_id":"U_kgDOC_ckJA","avatar_url":"https://avatars.githubusercontent.com/u/200746020?v=4","gravatar_id":"","url":"https://api.github.com/users/BVLTRA","html_url":"https://github.com/BVLTRA","followers_url":"https://api.github.com/users/BVLTRA/followers","following_url":"https://api.github.com/users/BVLTRA/following{/other_user}","gists_url":"https://api.github.com/users/BVLTRA/gists{/gist_id}","starred_url":"https://api.github.com/users/BVLTRA/starred{/owner}{/repo}","subscriptions_url":"https://api.github.com/users/BVLTRA/subscriptions","organizations_url":"https://api.github.com/users/BVLTRA/orgs","repos_url":"https://api.github.com/users/BVLTRA/repos","events_url":"https://api.github.com/users/BVLTRA/events{/privacy}","received_events_url":"https://api.github.com/users/BVLTRA/received_events","type":"User","user_view_type":"private","site_admin":false,"name":"Tshedza Mosehane","company":"Student","blog":"https://bvltra.com","location":"Pretoria, South Africa ","email":"hello@bvltra.com","hireable":null,"bio":"Student Full-Stack Developer and UX/UI Designer at Open Window Institute.","twitter_username":null,"notification_email":"hello@bvltra.com","public_repos":11,"public_gists":0,"followers":5,"following":4,"created_at":"2025-02-25T09:13:12Z","updated_at":"2026-09-14T14:32:52Z","private_gists":0,"total_private_repos":8,"owned_private_repos":8,"disk_usage":149702,"collaborators":3,"two_factor_authentication":true,"plan":{"name":"pro","space":976562499,"collaborators":0,"private_repos":9999}}
[info] 
[info] +  Success! Logged into GitHub as BVLTRA 
[info] 
